warning: function /home/user/TRI_NETRA_Satellite/matlab_sils/+asils/+product/load.m shadows a built-in function
warning: function /home/user/TRI_NETRA_Satellite/matlab_sils/+asils/+quat/norm.m shadows a built-in function
warning: function /home/user/TRI_NETRA_Satellite/matlab_sils/+asils/+quat/angle.m shadows a built-in function
warning: function /home/user/TRI_NETRA_Satellite/matlab_sils/+asils/+quat/conj.m shadows a built-in function
warning: function /home/user/TRI_NETRA_Satellite/matlab_sils/+asils/+result/save.m shadows a built-in function
warning: function /home/user/TRI_NETRA_Satellite/matlab_sils/+asils/+scenario/load.m shadows a built-in function
warning: function /home/user/TRI_NETRA_Satellite/matlab_sils/+asils/+product/load.m shadows a built-in function
warning: function /home/user/TRI_NETRA_Satellite/matlab_sils/+asils/+quat/norm.m shadows a built-in function
warning: function /home/user/TRI_NETRA_Satellite/matlab_sils/+asils/+quat/angle.m shadows a built-in function
warning: function /home/user/TRI_NETRA_Satellite/matlab_sils/+asils/+quat/conj.m shadows a built-in function
warning: function /home/user/TRI_NETRA_Satellite/matlab_sils/+asils/+result/save.m shadows a built-in function
warning: function /home/user/TRI_NETRA_Satellite/matlab_sils/+asils/+scenario/load.m shadows a built-in function
warning: function /home/user/TRI_NETRA_Satellite/matlab_sils/+asils/+product/load.m shadows a built-in function
warning: function /home/user/TRI_NETRA_Satellite/matlab_sils/+asils/+quat/norm.m shadows a built-in function
warning: function /home/user/TRI_NETRA_Satellite/matlab_sils/+asils/+quat/angle.m shadows a built-in function
warning: function /home/user/TRI_NETRA_Satellite/matlab_sils/+asils/+quat/conj.m shadows a built-in function
warning: function /home/user/TRI_NETRA_Satellite/matlab_sils/+asils/+result/save.m shadows a built-in function
warning: function /home/user/TRI_NETRA_Satellite/matlab_sils/+asils/+scenario/load.m shadows a built-in function
warning: function /home/user/TRI_NETRA_Satellite/matlab_sils/+asils/+product/load.m shadows a built-in function
warning: function /home/user/TRI_NETRA_Satellite/matlab_sils/+asils/+quat/norm.m shadows a built-in function
warning: function /home/user/TRI_NETRA_Satellite/matlab_sils/+asils/+quat/angle.m shadows a built-in function
warning: function /home/user/TRI_NETRA_Satellite/matlab_sils/+asils/+quat/conj.m shadows a built-in function
warning: function /home/user/TRI_NETRA_Satellite/matlab_sils/+asils/+result/save.m shadows a built-in function
warning: function /home/user/TRI_NETRA_Satellite/matlab_sils/+asils/+scenario/load.m shadows a built-in function
TRI-NETRA ADCS SILS asils-1.0.0 (adcs-case/1, POP v51 in-loop) ready (root: /home/user/TRI_NETRA_Satellite/matlab_sils)
warning: using the gnuplot graphics toolkit is discouraged

The gnuplot graphics toolkit is not actively maintained and has a number
of limitations that are unlikely to be fixed.  Communication with gnuplot
uses a one-directional pipe and limited information is passed back to the
Octave interpreter so most changes made interactively in the plot window
will not be reflected in the graphics properties managed by Octave.  For
example, if the plot window is closed with a mouse click, Octave will not
be notified and will not update its internal list of open figure windows.
The qt toolkit is recommended instead.
